log_add ок. Результат: 7.
