log_add ок. Результат: 7.
my_function_sum ок. Результат: 5.
